     1                                  ; haribote-os
     2                                  ; TAB=4
     3                                  
     4                                  ; related to BOOT_INFO
     5                                  
     6                                  CYLS	EQU		0x0ff0
     7                                  LEDS	EQU		0x0ff1
     8                                  VMODE	EQU		0x0ff2		; color information. The number of bit color
     9                                  SCRNX	EQU		0x0ff4		; X display resolution
    10                                  SCRNY	EQU		0x0ff6		; Y display resolution
    11                                  VRAM	EQU		0x0ff8		; start address of Graphic buffer
    12                                  
    13                                  	ORG		0xc200
    14 00000000 B013                    	MOV		AL,0x13
    15 00000002 B400                    	MOV		AH,0x00
    16 00000004 CD10                    	INT		0x10
    17 00000006 C606F20F08              	MOV		BYTE [VMODE],8
    18 0000000B C706F40F4001            	MOV		WORD [SCRNX],320
    19 00000011 C706F60FC800            	MOV		WORD [SCRNY],200
    20 00000017 66C706F80F00000A00      	MOV		DWORD [VRAM],0x000a0000
    21                                  
    22                                  ; tell from BIOS the LED status of keyboard
    23 00000020 B402                    	MOV		AH, 0x02
    24 00000022 CD16                    	INT		0x16		; keyboard BIOS
    25 00000024 A2F10F                  	MOV		[LEDS], AL
    26                                  fin:
    27 00000027 F4                      	HLT
    28 00000028 EBFD                    	JMP		fin 
